// Jest Snapshot v1, https://goo.gl/fbAQLP

exports[`test on <SearchPage/> should render with default values 1`] = `
<div>
  <h1
    class="mt-2"
  >
    Search
  </h1>
  <hr />
  <div
    class="row"
  >
    <div
      class="col-5"
    >
      <h4>
        Searching
      </h4>
      <hr />
      <form
        aria-label="form"
      >
        <input
          autocomplete="off"
          class="form-control"
          name="searchText"
          placeholder="Search a hero"
          type="text"
          value=""
        />
        <button
          class="btn btn-dark mt-1"
        >
          Search
        </button>
      </form>
    </div>
    <div
      class="col-7"
    >
      <h4>
        Results
      </h4>
      <hr />
      <div
        class="alert alert-primary"
      >
         Search a hero 
      </div>
    </div>
  </div>
</div>
`;
